// Jest Snapshot v1, https://goo.gl/fbAQLP

exports[`snapshot ToolHeader component 1`] = `
<header>
  <h3>
    The Tool
  </h3>
</header>
`;
